// Jest Snapshot v1, https://goo.gl/fbAQLP

exports[`Test in <GifSearchApp /> should match snapshot 1`] = `
<div>
  <h1>
    Gif Search App
  </h1>
  <form
    aria-label="form"
  >
    <input
      placeholder="Buscar gifs"
      type="test"
      value=""
    />
  </form>
  <h3>
    Dragon Ball Z
  </h3>
  <h2>
    Cargando...
  </h2>
  <div
    class="card-grid"
  />
</div>
`;
