// Jest Snapshot v1, https://goo.gl/fbAQLP

exports[`test in <GifItem /> should match snapshot 1`] = `
<div>
  <div
    class="card"
  >
    <img
      alt="Meme"
      src="https://gif-search.com/algo.jpg"
    />
    <p>
      Meme
    </p>
  </div>
</div>
`;
